// Jest Snapshot v1, https://goo.gl/fbAQLP

exports[`App Component renders the App component 1`] = `
<div>
  <nav
    className="navbar navbar-expand navbar-light"
  >
    <a
      aria-current="page"
      className="d-flex align-items-center text-white ps-2 w-100 active"
      href="/"
      onClick={[Function]}
      style={Object {}}
    >
      <svg
        fill="currentColor"
        height="1em"
        stroke="currentColor"
        strokeWidth="0"
        style={
          Object {
            "color": undefined,
          }
        }
        viewBox="0 0 256 512"
        width="1em"
        xmlns="http://www.w3.org/2000/svg"
      >
        <path
          d="M31.7 239l136-136c9.4-9.4 24.6-9.4 33.9 0l22.6 22.6c9.4 9.4 9.4 24.6 0 33.9L127.9 256l96.4 96.4c9.4 9.4 9.4 24.6 0 33.9L201.7 409c-9.4 9.4-24.6 9.4-33.9 0l-136-136c-9.5-9.4-9.5-24.6-.1-34z"
        />
      </svg>
       
      Countries
    </a>
    <div
      className="ms-auto navbar-nav"
      onKeyDown={[Function]}
    >
      <input
        className=" input-field mx-1"
        onChange={[Function]}
        placeholder="Search by regions"
        type="text"
      />
    </div>
  </nav>
  <div
    className="countries"
  >
    <div
      className="card-group g-0"
    />
  </div>
</div>
`;
